// Jest Snapshot v1, https://goo.gl/fbAQLP

exports[`SSG page matches snapshot 1`] = `
<DocumentFragment>
  <div
    class="container"
  >
    <nav
      class="container"
    >
      <ul
        class="list"
      >
        <li>
          <a
            class="link"
            href="/"
          >
            Welcome
          </a>
        </li>
        <li>
          <a
            class="link"
            href="/ssr"
          >
            SSR
          </a>
        </li>
        <li>
          <a
            class="link"
            href="/ssg"
          >
            SSG
          </a>
        </li>
      </ul>
    </nav>
    <main
      class="jsx-2317350201"
    >
      <div
        class="jsx-2317350201 SSG"
      >
        <header
          class="jsx-2317350201 SSG-header"
        >
          <h1
            class="jsx-2317350201 Welcome-h1"
          >
            Static Site Generation
          </h1>
          <p
            class="jsx-2317350201"
          >
            Random number on page generation: 
            <code
              class="jsx-2317350201"
            >
              42
            </code>
          </p>
          <p
            class="jsx-2317350201"
          >
            Edit 
            <code
              class="jsx-2317350201"
            >
              src/pages/ssg/index.page.tsx
            </code>
             and save to reload.
          </p>
          <a
            class="jsx-2317350201 SSG-link"
            href="https://nextjs.org/docs/basic-features/pages#static-generation-recommended"
            rel="noopener noreferrer"
            target="_blank"
          >
            Learn More About SSG
          </a>
        </header>
      </div>
    </main>
  </div>
</DocumentFragment>
`;
